d:\aide da zavursha po prg\2526-student-practices-10th-grade-stilian_solinkov-presiqn_tanchev\moviebooking\moviebooking\x64\debug\vc145.pdb
d:\aide da zavursha po prg\2526-student-practices-10th-grade-stilian_solinkov-presiqn_tanchev\moviebooking\moviebooking\x64\debug\vc145.idb
d:\aide da zavursha po prg\2526-student-practices-10th-grade-stilian_solinkov-presiqn_tanchev\moviebooking\moviebooking\x64\debug\ui.obj
d:\aide da zavursha po prg\2526-student-practices-10th-grade-stilian_solinkov-presiqn_tanchev\moviebooking\moviebooking\x64\debug\show.obj
d:\aide da zavursha po prg\2526-student-practices-10th-grade-stilian_solinkov-presiqn_tanchev\moviebooking\moviebooking\x64\debug\seat.obj
d:\aide da zavursha po prg\2526-student-practices-10th-grade-stilian_solinkov-presiqn_tanchev\moviebooking\moviebooking\x64\debug\movie.obj
d:\aide da zavursha po prg\2526-student-practices-10th-grade-stilian_solinkov-presiqn_tanchev\moviebooking\moviebooking\x64\debug\main.obj
d:\aide da zavursha po prg\2526-student-practices-10th-grade-stilian_solinkov-presiqn_tanchev\moviebooking\moviebooking\x64\debug\booking.obj
d:\aide da zavursha po prg\2526-student-practices-10th-grade-stilian_solinkov-presiqn_tanchev\moviebooking\x64\debug\moviebooking.pdb
d:\aide da zavursha po prg\2526-student-practices-10th-grade-stilian_solinkov-presiqn_tanchev\moviebooking\moviebooking\x64\debug\moviebooking.tlog\cl.command.1.tlog
d:\aide da zavursha po prg\2526-student-practices-10th-grade-stilian_solinkov-presiqn_tanchev\moviebooking\moviebooking\x64\debug\moviebooking.tlog\cl.read.1.tlog
d:\aide da zavursha po prg\2526-student-practices-10th-grade-stilian_solinkov-presiqn_tanchev\moviebooking\moviebooking\x64\debug\moviebooking.tlog\cl.write.1.tlog
d:\aide da zavursha po prg\2526-student-practices-10th-grade-stilian_solinkov-presiqn_tanchev\moviebooking\moviebooking\x64\debug\moviebooking.tlog\link-cvtres.read.1.tlog
d:\aide da zavursha po prg\2526-student-practices-10th-grade-stilian_solinkov-presiqn_tanchev\moviebooking\moviebooking\x64\debug\moviebooking.tlog\link-cvtres.write.1.tlog
d:\aide da zavursha po prg\2526-student-practices-10th-grade-stilian_solinkov-presiqn_tanchev\moviebooking\moviebooking\x64\debug\moviebooking.tlog\link-rc.read.1.tlog
d:\aide da zavursha po prg\2526-student-practices-10th-grade-stilian_solinkov-presiqn_tanchev\moviebooking\moviebooking\x64\debug\moviebooking.tlog\link-rc.write.1.tlog
d:\aide da zavursha po prg\2526-student-practices-10th-grade-stilian_solinkov-presiqn_tanchev\moviebooking\moviebooking\x64\debug\moviebooking.tlog\link.command.1.tlog
d:\aide da zavursha po prg\2526-student-practices-10th-grade-stilian_solinkov-presiqn_tanchev\moviebooking\moviebooking\x64\debug\moviebooking.tlog\link.read.1.tlog
d:\aide da zavursha po prg\2526-student-practices-10th-grade-stilian_solinkov-presiqn_tanchev\moviebooking\moviebooking\x64\debug\moviebooking.tlog\link.read.2.tlog
d:\aide da zavursha po prg\2526-student-practices-10th-grade-stilian_solinkov-presiqn_tanchev\moviebooking\moviebooking\x64\debug\moviebooking.tlog\link.write.1.tlog
